<html>
<body>
<pre>
<h1>µVision Build Log</h1>
<h2>Tool Versions:</h2>
IDE-Version: µVision V5.26.2.0
Copyright (C) 2018 ARM Ltd and ARM Germany GmbH. All rights reserved.
License Information: nguyen long, uet, LIC=----
 
Tool Versions:
Toolchain:       MDK-Lite  Version: 5.26.2.0
Toolchain Path:  C:\Keil_v5\ARM\ARMCC\Bin
C Compiler:      Armcc.exe V5.06 update 6 (build 750)
Assembler:       Armasm.exe V5.06 update 6 (build 750)
Linker/Locator:  ArmLink.exe V5.06 update 6 (build 750)
Library Manager: ArmAr.exe V5.06 update 6 (build 750)
Hex Converter:   FromElf.exe V5.06 update 6 (build 750)
CPU DLL:         SARMCM3.DLL V5.26.2.0
Dialog DLL:      DCM.DLL V1.17.2.0
Target DLL:      STLink\ST-LINKIII-KEIL_SWO.dll V3.0.5.0
Dialog DLL:      TCM.DLL V1.36.1.0
 
<h2>Project:</h2>
D:\STM\Code\Openlab\fan\fan.uvprojx
Project File Date:  08/14/2023

<h2>Output:</h2>
*** Using Compiler 'V5.06 update 6 (build 750)', folder: 'C:\Keil_v5\ARM\ARMCC\Bin'
Rebuild target 'Target 1'
compiling flash.c...
flash.h(28): warning:  #1-D: last line of file ends without a newline
  #endif
flash.c: 1 warning, 0 errors
assembling startup_stm32f401xe.s...
compiling Delay.c...
compiling timer_pwm.c...
timer_pwm.c(34): warning:  #1-D: last line of file ends without a newline
  }
timer_pwm.c: 1 warning, 0 errors
compiling uart.c...
uart.c(57): warning:  #1-D: last line of file ends without a newline
  }
uart.c: 1 warning, 0 errors
compiling main.c...
adc.h(10): warning:  #1-D: last line of file ends without a newline
  void DMA_Config (uint32_t srcAdd, uint32_t destAdd, uint32_t size);
flash.h(28): warning:  #1-D: last line of file ends without a newline
  #endif
main.c(354): warning:  #1-D: last line of file ends without a newline
  }
main.c: 3 warnings, 0 errors
compiling adc.c...
adc.h(10): warning:  #1-D: last line of file ends without a newline
  void DMA_Config (uint32_t srcAdd, uint32_t destAdd, uint32_t size);
adc.c(117): warning:  #1-D: last line of file ends without a newline
  }	
adc.c: 2 warnings, 0 errors
compiling RccConfig.c...
compiling system_stm32f4xx.c...
linking...
Program Size: Code=3244 RO-data=436 RW-data=24 ZI-data=1632  
".\Objects\fan.axf" - 0 Error(s), 8 Warning(s).

<h2>Software Packages used:</h2>

Package Vendor: ARM
                http://www.keil.com/pack/ARM.CMSIS.5.9.0.pack
                ARM.CMSIS.5.9.0
                CMSIS (Common Microcontroller Software Interface Standard)
   * Component: CORE Version: 5.6.0

Package Vendor: Keil
                https://www.keil.com/pack/Keil.STM32F4xx_DFP.2.17.0.pack
                Keil.STM32F4xx_DFP.2.17.0
                STMicroelectronics STM32F4 Series Device Support, Drivers and Examples
   * Component: Startup Version: 2.6.3

<h2>Collection of Component include folders:</h2>
  .\RTE\_Target_1
  C:\Keil_v5\ARM\PACK\ARM\CMSIS\5.9.0\CMSIS\Core\Include
  C:\Keil_v5\ARM\PACK\Keil\STM32F4xx_DFP\2.17.0\Drivers\CMSIS\Device\ST\STM32F4xx\Include

<h2>Collection of Component Files used:</h2>

   * Component: ARM::CMSIS:CORE:5.6.0

   * Component: Keil::Device:Startup:2.6.3
      Source file:   MDK\Device\Source\ARM\STM32F401xx_OPT.s
      Include file:  Drivers\CMSIS\Device\ST\STM32F4xx\Include\stm32f4xx.h
      Source file:   Drivers\CMSIS\Device\ST\STM32F4xx\Source\Templates\arm\startup_stm32f401xe.s
      Source file:   MDK\Device\Source\ARM\STM32F4xx_OTP.s
      Source file:   Drivers\CMSIS\Device\ST\STM32F4xx\Source\Templates\system_stm32f4xx.c
Build Time Elapsed:  00:00:02
</pre>
</body>
</html>
